> Task :app:preBuild UP-TO-DATE
> Task :app:preDebugBuild UP-TO-DATE
> Task :app:mergeDebugNativeDebugMetadata NO-SOURCE
> Task :app:checkKotlinGradlePluginConfigurationErrors SKIPPED
> Task :app:dataBindingMergeDependencyArtifactsDebug FAILED
..\gradlew.bat : 
At C:\Users\Vindya\AppData\Local\Temp\ps-script-0550cb20-5069-4841-9c9d-0bbd7973d70a.ps1:73 char:9
+ cd app; ..\gradlew.bat :app:assembleDebug 2>&1 | Tee-Object -FilePath ...
+         ~~~~~~~~~~~~~~~~~~~~~~~~~~~~~~~~~~~~~~
    + CategoryInfo          : NotSpecified: (:String) [], RemoteException
    + FullyQualifiedErrorId : NativeCommandError
 
FAILURE: Build failed with an exception.

* What went wrong:
Execution failed for task ':app:dataBindingMergeDependencyArtifactsDebug'.
> Could not resolve all files for configuration ':app:debugCompileClasspath'.
   > Could not find com.github.PhilJay:MPAndroidChart:v3.1.0.
     Required by:
         project :app

* Try:
> Run with --stacktrace option to get the stack trace.
> Run with --info or --debug option to get more log output.
> Run with --scan to get full insights.
> Get more help at https://help.gradle.org.

BUILD FAILED in 1m 4s
1 actionable task: 1 executed
